[insta.tflop.ru/index.html]
[backblue.gif]
[fade.gif]
[index.html]
[s2.tflop.ru/img/ic/logo_big.jpg]
[s2.tflop.ru/img/ic/itr_logo_57x57.png]
[s2.tflop.ru/img/ic/itr_logo_60x60.png]
[s2.tflop.ru/img/ic/itr_logo_72x72.png]
[s2.tflop.ru/img/ic/itr_logo_76x76.png]
[s2.tflop.ru/img/ic/itr_logo_114x114.png]
[s2.tflop.ru/img/ic/itr_logo_120x120.png]
[s2.tflop.ru/img/ic/itr_logo_144x144.png]
[s2.tflop.ru/img/ic/itr_logo_152x152.png]
[s2.tflop.ru/img/ic/itr_logo_180x180.png]
[s2.tflop.ru/img/ic/itrc_logo_192x192.png]
[s2.tflop.ru/img/ic/itrc_logo_32x32.png]
[s2.tflop.ru/img/ic/itrc_logo_96x96.png]
[s2.tflop.ru/img/ic/itrc_logo_16x16.png]
[maxcdn.bootstrapcdn.com/font-awesome/4.7.0/css/font-awesome.min.css]
[s2.tflop.ru/templates/new/bootstrap/css/bootstrap.min.css]
[insta.tflop.ru/templates/new/css/font-awesome.min.css]
[s2.tflop.ru/templates/new/css/endless.mindc97.css]
[s2.tflop.ru/templates/new/css/endless-skin.minc880.css]
[s2.tflop.ru/templates/js/login.min1c81.js]
[s2.tflop.ru/img/ins_index.png]
[s2.tflop.ru/img/help/insta_login.png]
[s2.tflop.ru/img/help/login_instagram.png]
[s2.tflop.ru/img/help/login_app_auth.png]
[s2.tflop.ru/img/help/login_app_instagram.png]
[s2.tflop.ru/img/help/login_fb.png]
[insta.tflop.ru/POST]
[s2.tflop.ru/img/thumbs-up_index.png]
[s2.tflop.ru/img/heart_table.png]
[s2.tflop.ru/img/play_table.png]
[s2.tflop.ru/img/briefcase_table.png]
[s2.tflop.ru/img/smiley_index.png]
[s2.tflop.ru/img/bullhorn_index.png]
[s2.tflop.ru/img/stats_index.png]
[s2.tflop.ru/img/users_index.png]
[s2.tflop.ru/img/cart_index.png]
[ulogin.ru/js/ulogin.js]
[sprypay.ru/templates/users/images/sprypay.button.png]
[s2.tflop.ru/templates/new/js/jquery-1.10.2.min.js]
[s2.tflop.ru/templates/new/bootstrap/js/bootstrap.min.js]
[s2.tflop.ru/templates/new/js/pace.min.js]
[s2.tflop.ru/templates/new/js/jquery.popupoverlay.min.js]
[s2.tflop.ru/templates/new/js/jquery.cookie.min.js]
[insta.tflop.ru/index.html]
[maxcdn.bootstrapcdn.com/font-awesome/4.7.0/css/font-awesome.min.css]
[s2.tflop.ru/templates/new/bootstrap/css/bootstrap.min.css]
[s2.tflop.ru/templates/new/js/endless/endless.min.js]
[insta.tflop.ru/templates/new/fonts/fontawesome-webfont862f.eot]
[insta.tflop.ru/templates/new/fonts/fontawesome-webfontd41d.eot]
[insta.tflop.ru/templates/new/fonts/fontawesome-webfont862f.woff]
[insta.tflop.ru/templates/new/fonts/fontawesome-webfont862f.ttf]
[insta.tflop.ru/templates/new/fonts/fontawesome-webfont862f.svg]
[insta.tflop.ru/templates/new/css/font-awesome.min.css]
[s2.tflop.ru/img/cash.png]
[s2.tflop.ru/img/coin-icon.png]
[s2.tflop.ru/templates/new/css/endless.mindc97.css]
[s2.tflop.ru/templates/new/css/endless-skin.minc880.css]
[s2.tflop.ru/templates/js/login.min1c81.js]
[insta.tflop.ru/POST.html]
[insta.tflop.ru/auth.35.delayed]
[ulogin.ru/js/ulogin.js]
[s2.tflop.ru/templates/new/js/jquery-1.10.2.min.js]
[s2.tflop.ru/templates/new/bootstrap/js/bootstrap.min.js]
[s2.tflop.ru/templates/new/js/pace.min.js]
[s2.tflop.ru/templates/new/js/jquery.popupoverlay.min.js]
[s2.tflop.ru/templates/new/js/jquery.cookie.min.js]
[s2.tflop.ru/templates/new/js/endless/endless.min.js]
[insta.tflop.ru/templates/new/fonts/fontawesome-webfont862f.html]
[insta.tflop.ru/templates/new/fonts/fontawesome-webfontd41d.html]
[insta.tflop.ru/templates/new/fonts/fontawesome-webfont862f-2.html]
[insta.tflop.ru/$1/index.html]
[insta.tflop.ru/AppleWebKit/index.html]
[lp.kyivstar.net/error448b.html]
[lp.kyivstar.net/css/styles.css]
[www.googletagmanager.com/gtm5445.html]
[lp.kyivstar.net/lpshape.html]
[lp.kyivstar.net/money.html]
[lp.kyivstar.net/tv.html]
[lp.kyivstar.net/465.html]
[lp.kyivstar.net/lp-shape2.html]
